// Jest Snapshot v1, https://goo.gl/fbAQLP

exports[`Testing counter should reneder component correctly 1`] = `ShallowWrapper {}`;
