// Jest Snapshot v1, https://goo.gl/fbAQLP

exports[`testing basic component renders correctly enzyme 1`] = `ShallowWrapper {}`;
